// Jest Snapshot v1, https://goo.gl/fbAQLP

exports[`<HeaderBrand /> should match the snapshot 1`] = `
<a
  className="HeaderBrand__StyledLink-Bfuoh IfHBM"
  href="/"
  onClick={[Function]}
>
  test
</a>
`;
