// Jest Snapshot v1, https://goo.gl/fbAQLP

exports[`<HeaderItem /> should match the snapshot 1`] = `
<a
  className="itemStyles__StyledLink-fAIfBS gvqALX"
  href="/"
  onClick={[Function]}
>
  <span>
    test
  </span>
</a>
`;
